---
source: crates/phoenix-ir/src/tests.rs
expression: ir
---
func @apply(f: closure(i64) -> i64, x: i64) -> i64 {
  bb0(v0: closure(i64) -> i64, v1: i64):
    v2 = call_indirect v0(v1)
    return v2
}

func @main() -> i64 {
  bb0:
    v0 = closure_alloc f2
    v1 = const_i64 21
    v2 = call f0(v0, v1)
    return v2
}

func @__closure_0(n: void) -> i64 {
  bb0(v0: void):
    v1 = const_i64 2
    v2 = imul v0, v1
    return v2
}
