---
source: crates/phoenix-ir/src/tests.rs
expression: ir
---
func @main() -> void {
  bb0:
    v0 = const_i64 0
    v1 = alloca i64
    store v1, v0
    jump bb1
  bb1:
    v2 = load v1
    v3 = const_i64 10
    v4 = ilt v2, v3
    branch v4, bb2, bb3
  bb2:
    v5 = load v1
    v6 = const_i64 1
    v7 = iadd v5, v6
    store v1, v7
    v8 = load v1
    v9 = const_i64 5
    v10 = ieq v8, v9
    branch v10, bb5, bb4
  bb3:
    return
  bb4:
    v11 = load v1
    v12 = const_i64 3
    v13 = ieq v11, v12
    branch v13, bb7, bb6
  bb5:
    jump bb3
  bb6:
    v14 = load v1
    v15 = builtin_call @toString(v14)
    builtin_call @print(v15)
    jump bb1
  bb7:
    jump bb1
}
