---
source: crates/phoenix-ir/src/tests.rs
expression: ir
---
func @fallible() -> enum.Result<i64, string> {
  bb0:
    v0 = const_i64 42
    v1 = enum_alloc @Result:0(v0)
    return v1
}

func @main() -> enum.Result<i64, string> {
  bb0:
    v0 = call f0()
    v1 = enum_discriminant v0
    v2 = const_i64 0
    v3 = ieq v1, v2
    branch v3, bb1, bb2
  bb1:
    v4 = enum_get_field v0, variant=0, 0
    jump bb3(v4)
  bb2:
    return v0
  bb3(v5: i64):
    v6 = const_i64 1
    v7 = iadd v5, v6
    v8 = enum_alloc @Result:0(v7)
    return v8
}
