---
source: crates/phoenix-ir/src/tests.rs
expression: ir
---
func @main() -> void {
  bb0:
    v0 = const_i64 10
    v1 = const_i64 5
    v2 = igt v0, v1
    branch v2, bb2, bb3
  bb1:
    return
  bb2:
    v3 = const_string "big"
    builtin_call @print(v3)
    jump bb1
  bb3:
    v4 = const_string "small"
    builtin_call @print(v4)
    jump bb1
}
