---
source: crates/phoenix-ir/src/tests.rs
expression: ir
---
func @main() -> void {
  bb0:
    v0 = const_i64 10
    v1 = const_i64 20
    v2 = const_i64 30
    v3 = list_alloc(v0, v1, v2)
    v4 = builtin_call @List.length(v3)
    v5 = alloca i64
    v6 = const_i64 0
    store v5, v6
    jump bb1
  bb1:
    v7 = load v5
    v8 = ilt v7, v4
    branch v8, bb2, bb4
  bb2:
    v9 = load v5
    v10 = builtin_call @List.get(v3, v9)
    v11 = builtin_call @toString(v10)
    builtin_call @print(v11)
    jump bb3
  bb3:
    v12 = load v5
    v13 = const_i64 1
    v14 = iadd v12, v13
    store v5, v14
    jump bb1
  bb4:
    return
}
