---
source: crates/phoenix-codegen/src/openapi.rs
expression: spec
---
{
  "components": {
    "schemas": {
      "CreateNoteBody": {
        "properties": {
          "body": {
            "anyOf": [
              {
                "type": "string"
              },
              {
                "type": "null"
              }
            ]
          },
          "priority": {
            "type": "integer"
          },
          "title": {
            "type": "string"
          }
        },
        "required": [
          "title",
          "priority"
        ],
        "type": "object"
      },
      "Note": {
        "properties": {
          "body": {
            "anyOf": [
              {
                "type": "string"
              },
              {
                "type": "null"
              }
            ]
          },
          "priority": {
            "type": "integer"
          },
          "title": {
            "type": "string"
          }
        },
        "required": [
          "title",
          "priority"
        ],
        "type": "object"
      }
    }
  },
  "info": {
    "title": "API",
    "version": "1.0.0"
  },
  "openapi": "3.1.0",
  "paths": {
    "/api/notes": {
      "post": {
        "operationId": "createNote",
        "requestBody": {
          "content": {
            "application/json": {
              "schema": {
                "$ref": "#/components/schemas/CreateNoteBody"
              }
            }
          },
          "required": true
        },
        "responses": {
          "200": {
            "content": {
              "application/json": {
                "schema": {
                  "$ref": "#/components/schemas/Note"
                }
              }
            },
            "description": "Successful response"
          }
        },
        "summary": "createNote"
      }
    }
  },
  "servers": [
    {
      "url": "/"
    }
  ]
}
